{
  "mdev_type": "vfio_ap-passthrough",
  "start": "manual",
  "attrs": []
}