{
  "mdev_type": "vfio_ap-passthrough",
  "start": "manual",
  "attrs": [
    {
      "assign_adapter": "5"
    },
    {
      "assign_adapter": "6"
    },
    {
      "assign_domain": "0xab"
    },
    {
      "assign_control_domain": "0xab"
    },
    {
      "assign_domain": "4"
    }
  ]
}