{
  "mdev_type": "i915-GVTg_V5_4",
  "start": "manual",
  "attrs": []
}